C51 COMPILER V8.18   UART                                                                  10/06/2014 22:10:14 PAGE 1   


C51 COMPILER V8.18, COMPILATION OF MODULE UART
OBJECT MODULE PLACED IN uart.OBJ
COMPILER INVOKED BY: C:\Keil8051\C51\BIN\C51.EXE uart.c BROWSE DEBUG OBJECTEXTEND

line level    source

   1          // uart.c
   2          //
   3          // Contains UART initialization routine
   4          //
   5          // Keenan Johnson
   6          // Franco Santa-Maria
   7          //
   8          // CpE 4160
   9          // Sept. 2014
  10          
  11          #include "uart.h"
  12          
  13          void uart_init()
  14          {   
  15   1          // Power Control Register
  16   1          PCON |= (SMOD1 << 7);
  17   1          PCON &= ((SMOD1 << 7) | 0x3F);
  18   1      
  19   1              // Set up UART in mode 2
  20   1          SCON = 0x50;
  21   1          
  22   1          // Baud Rate Control Register
  23   1          BDRCON = 0;
  24   1          BRL = BRL_VALUE;
  25   1          BDRCON = (0x1C | (SPD << 1));
  26   1          
  27   1          // Disable serial com interrupt
  28   1          ES = 0;
  29   1          
  30   1          // Set UART to ready
  31   1          TI = 1;
  32   1      }


MODULE INFORMATION:   STATIC OVERLAYABLE
   CODE SIZE        =     20    ----
   CONSTANT SIZE    =   ----    ----
   XDATA SIZE       =   ----    ----
   PDATA SIZE       =   ----    ----
   DATA SIZE        =   ----    ----
   IDATA SIZE       =   ----    ----
   BIT SIZE         =   ----    ----
END OF MODULE INFORMATION.


C51 COMPILATION COMPLETE.  0 WARNING(S),  0 ERROR(S)
