C51 COMPILER V8.18   DELAY                                                                 10/07/2014 16:42:09 PAGE 1   


C51 COMPILER V8.18, COMPILATION OF MODULE DELAY
OBJECT MODULE PLACED IN delay.OBJ
COMPILER INVOKED BY: C:\Keil8051\C51\BIN\C51.EXE delay.c BROWSE DEBUG OBJECTEXTEND

line level    source

   1          #include "delay.h"
   2          
   3          void delay( uint32 ms_to_delay )
   4          {
   5   1          uint32 millisec;
   6   1          
   7   1          TMOD &= 0xF0; // Set up TMOD
   8   1          TMOD |= 0x01;
   9   1          
  10   1          ET0 = 0; // Disable timer 0 interrupt
  11   1          
  12   1          // Delay
  13   1          for(millisec = 0; millisec < ms_to_delay; millisec++)
  14   1          {
  15   2              TH0 = PRELOADH1; // Timer values
  16   2              TL0 = PRELOADL1;
  17   2              
  18   2              TF0 = 0; // clears overflow flag
  19   2              
  20   2              TR0 = 1; // starts the timer
  21   2              
  22   2              while(TF0 == 0); // Check for overflow
  23   2              
  24   2              TR0 = 0; // Stop the timer
  25   2          }
  26   1      }


MODULE INFORMATION:   STATIC OVERLAYABLE
   CODE SIZE        =     86    ----
   CONSTANT SIZE    =   ----    ----
   XDATA SIZE       =   ----    ----
   PDATA SIZE       =   ----    ----
   DATA SIZE        =   ----       8
   IDATA SIZE       =   ----    ----
   BIT SIZE         =   ----    ----
END OF MODULE INFORMATION.


C51 COMPILATION COMPLETE.  0 WARNING(S),  0 ERROR(S)
